../Core/Src/s25fl128s.c:58:9:S25FL128S_GetFlashInfo	16	static
../Core/Src/s25fl128s.c:76:9:S25FL128S_WriteEnable	96	static
../Core/Src/s25fl128s.c:122:9:S25FL128S_WriteDisable	72	static
../Core/Src/s25fl128s.c:157:9:S25FL128S_PageProgram	80	static
../Core/Src/s25fl128s.c:209:9:S25FL128S_AutoPollingMemReady	96	static
../Core/Src/s25fl128s.c:247:9:S25FL128S_Enter4BytesAddressMode	72	static
../Core/Src/s25fl128s.c:310:9:S25FL128S_ReadSTR	80	static
../Core/Src/s25fl128s.c:391:9:S25FL128S_BlockErase	80	static
../Core/Src/s25fl128s.c:445:9:S25FL128S_ChipErase	72	static
../Core/Src/s25fl128s.c:477:9:S25FL128S_EnableMemoryMappedModeSTR	80	static
../Core/Src/s25fl128s.c:551:9:S25FL128S_ReadStatusRegister	80	static
../Core/Src/s25fl128s.c:590:9:S25FL128S_ResetEnable	72	static
../Core/Src/s25fl128s.c:622:9:S25FL128S_ResetMemory	72	static
../Core/Src/s25fl128s.c:656:9:S25FL128S_ReadID	80	static
../Core/Src/s25fl128s.c:697:9:S25FL128S_ProgEraseSuspend	72	static
../Core/Src/s25fl128s.c:729:9:S25FL128S_ProgEraseResume	72	static
../Core/Src/s25fl128s.c:760:9:S25FL128S_EnterDeepPowerDown	16	static
../Core/Src/s25fl128s.c:779:9:S25FL128S_ReadSFDP	24	static
